{
	"parent": "item/generated",
	"textures": {
		"layer0": "item/golden_chestplate",
		"layer1": "misc/brutal_symbol"
	}
}
