{
	"parent": "item/handheld",
	"textures": {
		"layer0": "item/golden_boots",
		"layer1": "misc/brutal_symbol"
	}
}
