{
	"parent": "item/handheld",
	"textures": {
		"layer0": "item/golden_leggings",
		"layer1": "misc/fleeting_symbol"
	}
}
