{
	"parent": "item/generated",
	"textures": {
		"layer0": "item/golden_helmet",
		"layer1": "misc/fleeting_symbol"
	}
}
