{
	"parent": "item/handheld",
	"textures": {
		"layer0": "item/golden_helmet",
		"layer1": "misc/tough_symbol"
	}
}
