{
	"parent": "item/generated",
	"textures": {
		"layer0": "item/golden_leggings",
		"layer1": "misc/tough_symbol"
	}
}
